// Jest Snapshot v1, https://goo.gl/fbAQLP

exports[`nested object 1`] = `
FormData {
  "_boundary": "--------------------------623332509302484328564367",
  "_currentStream": null,
  "_insideLoop": false,
  "_overheadLength": 1058,
  "_pendingNext": false,
  "_released": false,
  "_streams": Array [
    "----------------------------623332509302484328564367
Content-Disposition: form-data; name=\\"a\\"

",
    "string",
    [Function],
    "----------------------------623332509302484328564367
Content-Disposition: form-data; name=\\"b\\"

",
    "123",
    [Function],
    "----------------------------623332509302484328564367
Content-Disposition: form-data; name=\\"c[]\\"

",
    "1",
    [Function],
    "----------------------------623332509302484328564367
Content-Disposition: form-data; name=\\"c[]\\"

",
    "2",
    [Function],
    "----------------------------623332509302484328564367
Content-Disposition: form-data; name=\\"c[]\\"

",
    "3",
    [Function],
    "----------------------------623332509302484328564367
Content-Disposition: form-data; name=\\"e[e1]\\"

",
    "string",
    [Function],
    "----------------------------623332509302484328564367
Content-Disposition: form-data; name=\\"e[e2][e21][e211]\\"

",
    "string",
    [Function],
    "----------------------------623332509302484328564367
Content-Disposition: form-data; name=\\"e[e2][e22][]\\"

",
    "1",
    [Function],
    "----------------------------623332509302484328564367
Content-Disposition: form-data; name=\\"e[e2][e22][]\\"

",
    "2",
    [Function],
    "----------------------------623332509302484328564367
Content-Disposition: form-data; name=\\"e[e2][e22][]\\"

",
    "3",
    [Function],
  ],
  "_valueLength": 27,
  "_valuesToMeasure": Array [],
  "dataSize": 0,
  "maxDataSize": 2097152,
  "pauseStreams": true,
  "readable": true,
  "writable": false,
}
`;
